Γû▓ Next.js 16.1.6 (Turbopack)
- Environments: .env

node.exe : ΓÜá The 
"middleware" file 
convention is 
deprecated. Please 
use "proxy" instead. 
Learn more: https://ne
xtjs.org/docs/messages
/middleware-to-proxy
At line:1 char:1
+ & "C:\Program Files\
nodejs/node.exe" 
"C:\Program 
Files\nodejs/node_mo 
...
+ ~~~~~~~~~~~~~~~~~~~~
~~~~~~~~~~~~~~~~~~~~~~
~~~~~~~~~~~~~~~~~~~~~~
~~~~~
    + CategoryInfo    
          : NotSpeci  
  fied: (ΓÜá The "m   
 iddle...leware-to    
-proxy:String) []    
, RemoteException
    + FullyQualifiedE 
   rrorId : NativeCo  
  mmandError
 
  Creating an optimized production build ...
Γ£ô Compiled successfully in 10.9s
  Running TypeScript ...
  Collecting page data using 31 workers ...
[Antigravity] Registered agent: System Verification Agent (test-agent)
[Antigravity] Registered agent: Inventory Auditor (low-stock-monitor)
  Generating static pages using 31 workers (0/17) ...
  Generating static pages using 31 workers (4/17) 
  Generating static pages using 31 workers (8/17) 
  Generating static pages using 31 workers (12/17) 
Γ£ô Generating static pages using 31 workers (17/17) in 2.5s
  Finalizing page optimization ...

Route (app)
Γöî Γùï /
Γö£ Γùï /_not-found
Γö£ ╞Æ /admin
Γö£ Γùï /admin/inventory
Γö£ Γùï /admin/logs
Γö£ Γùï /admin/notifications
Γö£ Γùï /admin/patients
Γö£ ╞Æ /admin/patients/[id]
Γö£ Γùï /admin/reports
Γö£ Γùï /admin/settings
Γö£ Γùï /admin/staff
Γö£ Γùï /admin/tasks
Γö£ ╞Æ /api/antigravity/run
Γö£ ╞Æ /api/auth/[...nextauth]
Γö£ ╞Æ /api/staff
Γö£ Γùï /auth/login
Γö£ Γùï /family
Γö£ Γùï /staff
Γö£ ╞Æ /staff/kitchen
Γöö Γùï /staff/patients


╞Æ Proxy (Middleware)

Γùï  (Static)   prerendered as static content
╞Æ  (Dynamic)  server-rendered on demand

